******************************************************************************
                  MSP430 Linker PC v15.12.3                    
******************************************************************************
>> Linked Tue Nov 15 07:48:32 2016

OUTPUT FILE NAME:   <lab05.out>
ENTRY POINT SYMBOL: "_c_int00_noargs_noexit"  address: 0000cbfc


MEMORY CONFIGURATION

         name            origin    length      used     unused   attr    fill
----------------------  --------  ---------  --------  --------  ----  --------
  SFR                   00000000   00000010  00000000  00000010  RWIX
  PERIPHERALS_8BIT      00000010   000000f0  00000000  000000f0  RWIX
  PERIPHERALS_16BIT     00000100   00000100  00000000  00000100  RWIX
  RAM                   00000200   00000200  00000068  00000198  RWIX
  INFOD                 00001000   00000040  00000000  00000040  RWIX
  INFOC                 00001040   00000040  00000000  00000040  RWIX
  INFOB                 00001080   00000040  00000000  00000040  RWIX
  INFOA                 000010c0   00000040  00000000  00000040  RWIX
  FLASH                 0000c000   00003fde  00000d3c  000032a2  RWIX
  BSLSIGNATURE          0000ffde   00000002  00000002  00000000  RWIX  ffff 
  INT00                 0000ffe0   00000002  00000002  00000000  RWIX
  INT01                 0000ffe2   00000002  00000000  00000002  RWIX
  INT02                 0000ffe4   00000002  00000002  00000000  RWIX
  INT03                 0000ffe6   00000002  00000002  00000000  RWIX
  INT04                 0000ffe8   00000002  00000000  00000002  RWIX
  INT05                 0000ffea   00000002  00000002  00000000  RWIX
  INT06                 0000ffec   00000002  00000002  00000000  RWIX
  INT07                 0000ffee   00000002  00000002  00000000  RWIX
  INT08                 0000fff0   00000002  00000002  00000000  RWIX
  INT09                 0000fff2   00000002  00000002  00000000  RWIX
  INT10                 0000fff4   00000002  00000002  00000000  RWIX
  INT11                 0000fff6   00000002  00000002  00000000  RWIX
  INT12                 0000fff8   00000002  00000002  00000000  RWIX
  INT13                 0000fffa   00000002  00000002  00000000  RWIX
  INT14                 0000fffc   00000002  00000002  00000000  RWIX
  RESET                 0000fffe   00000002  00000002  00000000  RWIX


SECTION ALLOCATION MAP

 output                                  attributes/
section   page    origin      length       input sections
--------  ----  ----------  ----------   ----------------
.bss       0    00000200    00000018     UNINITIALIZED
                  00000200    00000008     (.common:total_time)
                  00000208    00000002     (.common:b_place)
                  0000020a    00000002     (.common:count)
                  0000020c    00000002     (.common:f1)
                  0000020e    00000002     (.common:f2)
                  00000210    00000002     (.common:led_on)
                  00000212    00000002     (.common:led_sel)
                  00000214    00000002     (.common:n)
                  00000216    00000002     (.common:total_clock)

.stack     0    000003b0    00000050     UNINITIALIZED
                  000003b0    00000002     rts430_eabi.lib : boot.obj (.stack)
                  000003b2    0000004e     --HOLE--

.text      0    0000c000    00000d32     
                  0000c000    0000048e     rts430_eabi.lib : frcdivd.obj (.text:__TI_frcdivd)
                  0000c48e    00000238                     : divd.obj (.text:__mspabi_divd)
                  0000c6c6    00000094     main.obj (.text:Port_1)
                  0000c75a    0000008a     rts430_eabi.lib : fltuld.obj (.text:__mspabi_fltuld)
                  0000c7e4    00000080     main.obj (.text:TA0_ISR)
                  0000c864    0000006e     rts430_eabi.lib : autoinit.obj (.text:_auto_init)
                  0000c8d2    0000005c                     : lsr32.obj (.text:l_lsr_const)
                  0000c92e    0000005a                     : cpy_tbl.obj (.text:copy_in)
                  0000c988    00000050     main.obj (.text:calculate_time)
                  0000c9d8    0000004c     rts430_eabi.lib : lsr16.obj (.text)
                  0000ca24    0000003e                     : asr32.obj (.text:l_asr_const)
                  0000ca62    0000003e                     : lsl32.obj (.text:l_lsl_const)
                  0000caa0    0000003e     main.obj (.text:main)
                  0000cade    0000003e     main.obj (.text:timer_ACLK_VLO)
                  0000cb1c    00000036     main.obj (.text:timer_ACLK_VLO_trigger_mode)
                  0000cb52    0000002c     rts430_eabi.lib : asr16.obj (.text)
                  0000cb7e    0000002c                     : div16s.obj (.text)
                  0000cbaa    0000002c                     : lsl16.obj (.text)
                  0000cbd6    00000026                     : mult32.obj (.text)
                  0000cbfc    0000001a                     : boot_special.obj (.text:_c_int00_noargs_noexit)
                  0000cc16    00000018     main.obj (.text:timer_interrupt_enable)
                  0000cc2e    00000016     rts430_eabi.lib : div16u.obj (.text)
                  0000cc44    00000014                     : copy_zero_init.obj (.text:decompress:ZI:__TI_zero_init)
                  0000cc58    00000014     main.obj (.text:led_set)
                  0000cc6c    00000014     rts430_eabi.lib : mult16.obj (.text)
                  0000cc80    00000014     main.obj (.text:timer_clear)
                  0000cc94    00000014     main.obj (.text:timer_interrupt_clear)
                  0000cca8    00000014     main.obj (.text:timer_stop)
                  0000ccbc    00000012     rts430_eabi.lib : memcpy.obj (.text:memcpy)
                  0000ccce    00000010     main.obj (.text:button_interrupt_set)
                  0000ccde    00000010     rts430_eabi.lib : epilog.obj (.text)
                  0000ccee    0000000a     main.obj (.text:button_init)
                  0000ccf8    0000000a     main.obj (.text:button_interrupt_enable)
                  0000cd02    0000000a     main.obj (.text:led_init)
                  0000cd0c    00000008     rts430_eabi.lib : isr_trap.obj (.text:_isr:__TI_ISR_TRAP)
                  0000cd14    00000006                     : fltud.obj (.text:__mspabi_fltud)
                  0000cd1a    00000006                     : exit.obj (.text:abort)
                  0000cd20    00000006     main.obj (.text:button_interrupt_clear)
                  0000cd26    00000006     main.obj (.text:show_time)
                  0000cd2c    00000004     rts430_eabi.lib : pre_init.obj (.text:_system_pre_init)
                  0000cd30    00000002                     : startup.obj (.text:_system_post_cinit)

.cinit     0    0000cd32    0000000a     
                  0000cd32    00000004     (.cinit..bss.load) [load image, compression = zero_init]
                  0000cd36    00000002     (__TI_handler_table)
                  0000cd38    00000004     (__TI_cinit_table)

.binit     0    0000c000    00000000     

.init_array 
*          0    0000c000    00000000     UNINITIALIZED

TRAPINT    0    0000ffe0    00000002     
                  0000ffe0    00000002     rts430_eabi.lib : int00.obj (.int00)

$fill000   0    0000ffde    00000002     
                  0000ffde    00000002     --HOLE-- [fill = ffff]

PORT1      0    0000ffe4    00000002     
                  0000ffe4    00000002     main.obj (.int02)

PORT2      0    0000ffe6    00000002     
                  0000ffe6    00000002     rts430_eabi.lib : int03.obj (.int03)

ADC10      0    0000ffea    00000002     
                  0000ffea    00000002     rts430_eabi.lib : int05.obj (.int05)

USCIAB0TX 
*          0    0000ffec    00000002     
                  0000ffec    00000002     rts430_eabi.lib : int06.obj (.int06)

USCIAB0RX 
*          0    0000ffee    00000002     
                  0000ffee    00000002     rts430_eabi.lib : int07.obj (.int07)

TIMER0_A1 
*          0    0000fff0    00000002     
                  0000fff0    00000002     rts430_eabi.lib : int08.obj (.int08)

TIMER0_A0 
*          0    0000fff2    00000002     
                  0000fff2    00000002     main.obj (.int09)

WDT        0    0000fff4    00000002     
                  0000fff4    00000002     rts430_eabi.lib : int10.obj (.int10)

COMPARATORA 
*          0    0000fff6    00000002     
                  0000fff6    00000002     rts430_eabi.lib : int11.obj (.int11)

TIMER1_A1 
*          0    0000fff8    00000002     
                  0000fff8    00000002     rts430_eabi.lib : int12.obj (.int12)

TIMER1_A0 
*          0    0000fffa    00000002     
                  0000fffa    00000002     rts430_eabi.lib : int13.obj (.int13)

NMI        0    0000fffc    00000002     
                  0000fffc    00000002     rts430_eabi.lib : int14.obj (.int14)

.reset     0    0000fffe    00000002     
                  0000fffe    00000002     rts430_eabi.lib : boot.obj (.reset)

MODULE SUMMARY

       Module               code   ro data   rw data
       ------               ----   -------   -------
    .\
       main.obj             696    4         24     
    +--+--------------------+------+---------+---------+
       Total:               696    4         24     
                                                    
    C:\ti\ccsv6\tools\compiler\msp430_15.12.3.LTS\lib\rts430_eabi.lib
       frcdivd.obj          1166   0         0      
       divd.obj             568    0         0      
       fltuld.obj           138    0         0      
       autoinit.obj         110    0         0      
       lsr32.obj            92     0         0      
       cpy_tbl.obj          90     0         0      
       lsr16.obj            76     0         0      
       asr32.obj            62     0         0      
       lsl32.obj            62     0         0      
       asr16.obj            44     0         0      
       div16s.obj           44     0         0      
       lsl16.obj            44     0         0      
       mult32.obj           38     0         0      
       boot_special.obj     26     0         0      
       div16u.obj           22     0         0      
       copy_zero_init.obj   20     0         0      
       mult16.obj           20     0         0      
       memcpy.obj           18     0         0      
       epilog.obj           16     0         0      
       isr_trap.obj         8      0         0      
       exit.obj             6      0         0      
       fltud.obj            6      0         0      
       pre_init.obj         4      0         0      
       boot.obj             0      2         0      
       int00.obj            0      2         0      
       int03.obj            0      2         0      
       int05.obj            0      2         0      
       int06.obj            0      2         0      
       int07.obj            0      2         0      
       int08.obj            0      2         0      
       int10.obj            0      2         0      
       int11.obj            0      2         0      
       int12.obj            0      2         0      
       int13.obj            0      2         0      
       int14.obj            0      2         0      
       startup.obj          2      0         0      
    +--+--------------------+------+---------+---------+
       Total:               2682   24        0      
                                                    
       Stack:               0      0         80     
       Linker Generated:    0      10        0      
    +--+--------------------+------+---------+---------+
       Grand Total:         3378   38        104    


LINKER GENERATED COPY TABLES

__TI_cinit_table @ 0000cd38 records: 1, size/record: 4, table size: 4
	.bss: load addr=0000cd32, load size=00000004 bytes, run addr=00000200, run size=00000018 bytes, compression=zero_init


LINKER GENERATED HANDLER TABLE

__TI_handler_table @ 0000cd36 records: 1, size/record: 2, table size: 2
	index: 0, handler: __TI_zero_init


GLOBAL SYMBOLS: SORTED ALPHABETICALLY BY Name 

address   name                       
-------   ----                       
0000004a  ADC10AE0                   
000001b0  ADC10CTL0                  
000001b2  ADC10CTL1                  
00000048  ADC10DTC0                  
00000049  ADC10DTC1                  
000001b4  ADC10MEM                   
000001bc  ADC10SA                    
00000057  BCSCTL1                    
00000058  BCSCTL2                    
00000053  BCSCTL3                    
0000cd1a  C$$EXIT                    
00000059  CACTL1                     
0000005a  CACTL2                     
000010fb  CALBC1_12MHZ               
000010f9  CALBC1_16MHZ               
000010ff  CALBC1_1MHZ                
000010fd  CALBC1_8MHZ                
000010fa  CALDCO_12MHZ               
000010f8  CALDCO_16MHZ               
000010fe  CALDCO_1MHZ                
000010fc  CALDCO_8MHZ                
0000005b  CAPD                       
00000056  DCOCTL                     
00000128  FCTL1                      
0000012a  FCTL2                      
0000012c  FCTL3                      
00000000  IE1                        
00000001  IE2                        
00000002  IFG1                       
00000003  IFG2                       
00000022  P1DIR                      
00000025  P1IE                       
00000024  P1IES                      
00000023  P1IFG                      
00000020  P1IN                       
00000021  P1OUT                      
00000027  P1REN                      
00000026  P1SEL                      
00000041  P1SEL2                     
0000002a  P2DIR                      
0000002d  P2IE                       
0000002c  P2IES                      
0000002b  P2IFG                      
00000028  P2IN                       
00000029  P2OUT                      
0000002f  P2REN                      
0000002e  P2SEL                      
00000042  P2SEL2                     
0000001a  P3DIR                      
00000018  P3IN                       
00000019  P3OUT                      
00000010  P3REN                      
0000001b  P3SEL                      
00000043  P3SEL2                     
0000c6c6  Port_1                     
00000172  TA0CCR0                    
00000174  TA0CCR1                    
00000176  TA0CCR2                    
00000162  TA0CCTL0                   
00000164  TA0CCTL1                   
00000166  TA0CCTL2                   
00000160  TA0CTL                     
0000012e  TA0IV                      
00000170  TA0R                       
0000c7e4  TA0_ISR                    
00000192  TA1CCR0                    
00000194  TA1CCR1                    
00000196  TA1CCR2                    
00000182  TA1CCTL0                   
00000184  TA1CCTL1                   
00000186  TA1CCTL2                   
00000180  TA1CTL                     
0000011e  TA1IV                      
00000190  TA1R                       
000010db  TLV_ADC10_1_LEN            
000010da  TLV_ADC10_1_TAG            
000010c0  TLV_CHECKSUM               
000010f7  TLV_DCO_30_LEN             
000010f6  TLV_DCO_30_TAG             
0000005d  UCA0ABCTL                  
00000062  UCA0BR0                    
00000063  UCA0BR1                    
00000060  UCA0CTL0                   
00000061  UCA0CTL1                   
0000005f  UCA0IRRCTL                 
0000005e  UCA0IRTCTL                 
00000064  UCA0MCTL                   
00000066  UCA0RXBUF                  
00000065  UCA0STAT                   
00000067  UCA0TXBUF                  
0000006a  UCB0BR0                    
0000006b  UCB0BR1                    
00000068  UCB0CTL0                   
00000069  UCB0CTL1                   
0000006c  UCB0I2CIE                  
00000118  UCB0I2COA                  
0000011a  UCB0I2CSA                  
0000006e  UCB0RXBUF                  
0000006d  UCB0STAT                   
0000006f  UCB0TXBUF                  
00000120  WDTCTL                     
00000400  __STACK_END                
00000050  __STACK_SIZE               
UNDEFED   __TI_BINIT_Base            
UNDEFED   __TI_BINIT_Limit           
0000cd38  __TI_CINIT_Base            
0000cd3c  __TI_CINIT_Limit           
0000cd36  __TI_Handler_Table_Base    
0000cd38  __TI_Handler_Table_Limit   
UNDEFED   __TI_INITARRAY_Base        
UNDEFED   __TI_INITARRAY_Limit       
0000cd0c  __TI_ISR_TRAP              
0000c000  __TI_frcdivd               
0000ffe0  __TI_int00                 
0000ffe4  __TI_int02                 
0000ffe6  __TI_int03                 
0000ffea  __TI_int05                 
0000ffec  __TI_int06                 
0000ffee  __TI_int07                 
0000fff0  __TI_int08                 
0000fff2  __TI_int09                 
0000fff4  __TI_int10                 
0000fff6  __TI_int11                 
0000fff8  __TI_int12                 
0000fffa  __TI_int13                 
0000fffc  __TI_int14                 
ffffffff  __TI_pprof_out_hndl        
ffffffff  __TI_prof_data_size        
ffffffff  __TI_prof_data_start       
0000cc44  __TI_zero_init             
ffffffff  __c_args__                 
0000c48e  __mspabi_divd              
0000cb7e  __mspabi_divi              
0000cc2e  __mspabi_divu              
0000cd14  __mspabi_fltud             
0000c75a  __mspabi_fltuld            
0000ccea  __mspabi_func_epilog_1     
0000cce8  __mspabi_func_epilog_2     
0000cce6  __mspabi_func_epilog_3     
0000cce4  __mspabi_func_epilog_4     
0000cce2  __mspabi_func_epilog_5     
0000cce0  __mspabi_func_epilog_6     
0000ccde  __mspabi_func_epilog_7     
0000cc6c  __mspabi_mpyi              
0000cc6c  __mspabi_mpyi_sw           
0000cbd6  __mspabi_mpyl              
0000cbd6  __mspabi_mpyl_sw           
0000cb7e  __mspabi_remi              
0000cc2e  __mspabi_remu              
0000cbaa  __mspabi_slli              
0000cbd2  __mspabi_slli_1            
0000cbc0  __mspabi_slli_10           
0000cbbe  __mspabi_slli_11           
0000cbbc  __mspabi_slli_12           
0000cbba  __mspabi_slli_13           
0000cbb8  __mspabi_slli_14           
0000cbb6  __mspabi_slli_15           
0000cbd0  __mspabi_slli_2            
0000cbce  __mspabi_slli_3            
0000cbcc  __mspabi_slli_4            
0000cbca  __mspabi_slli_5            
0000cbc8  __mspabi_slli_6            
0000cbc6  __mspabi_slli_7            
0000cbc4  __mspabi_slli_8            
0000cbc2  __mspabi_slli_9            
0000ca9a  __mspabi_slll_1            
0000ca76  __mspabi_slll_10           
0000ca72  __mspabi_slll_11           
0000ca6e  __mspabi_slll_12           
0000ca6a  __mspabi_slll_13           
0000ca66  __mspabi_slll_14           
0000ca62  __mspabi_slll_15           
0000ca96  __mspabi_slll_2            
0000ca92  __mspabi_slll_3            
0000ca8e  __mspabi_slll_4            
0000ca8a  __mspabi_slll_5            
0000ca86  __mspabi_slll_6            
0000ca82  __mspabi_slll_7            
0000ca7e  __mspabi_slll_8            
0000ca7a  __mspabi_slll_9            
0000cb52  __mspabi_srai              
0000cb7a  __mspabi_srai_1            
0000cb68  __mspabi_srai_10           
0000cb66  __mspabi_srai_11           
0000cb64  __mspabi_srai_12           
0000cb62  __mspabi_srai_13           
0000cb60  __mspabi_srai_14           
0000cb5e  __mspabi_srai_15           
0000cb78  __mspabi_srai_2            
0000cb76  __mspabi_srai_3            
0000cb74  __mspabi_srai_4            
0000cb72  __mspabi_srai_5            
0000cb70  __mspabi_srai_6            
0000cb6e  __mspabi_srai_7            
0000cb6c  __mspabi_srai_8            
0000cb6a  __mspabi_srai_9            
0000ca5c  __mspabi_sral_1            
0000ca38  __mspabi_sral_10           
0000ca34  __mspabi_sral_11           
0000ca30  __mspabi_sral_12           
0000ca2c  __mspabi_sral_13           
0000ca28  __mspabi_sral_14           
0000ca24  __mspabi_sral_15           
0000ca58  __mspabi_sral_2            
0000ca54  __mspabi_sral_3            
0000ca50  __mspabi_sral_4            
0000ca4c  __mspabi_sral_5            
0000ca48  __mspabi_sral_6            
0000ca44  __mspabi_sral_7            
0000ca40  __mspabi_sral_8            
0000ca3c  __mspabi_sral_9            
0000c9d8  __mspabi_srli              
0000ca1e  __mspabi_srli_1            
0000c9fa  __mspabi_srli_10           
0000c9f6  __mspabi_srli_11           
0000c9f2  __mspabi_srli_12           
0000c9ee  __mspabi_srli_13           
0000c9ea  __mspabi_srli_14           
0000c9e6  __mspabi_srli_15           
0000ca1a  __mspabi_srli_2            
0000ca16  __mspabi_srli_3            
0000ca12  __mspabi_srli_4            
0000ca0e  __mspabi_srli_5            
0000ca0a  __mspabi_srli_6            
0000ca06  __mspabi_srli_7            
0000ca02  __mspabi_srli_8            
0000c9fe  __mspabi_srli_9            
0000c926  __mspabi_srll_1            
0000c8f0  __mspabi_srll_10           
0000c8ea  __mspabi_srll_11           
0000c8e4  __mspabi_srll_12           
0000c8de  __mspabi_srll_13           
0000c8d8  __mspabi_srll_14           
0000c8d2  __mspabi_srll_15           
0000c920  __mspabi_srll_2            
0000c91a  __mspabi_srll_3            
0000c914  __mspabi_srll_4            
0000c90e  __mspabi_srll_5            
0000c908  __mspabi_srll_6            
0000c902  __mspabi_srll_7            
0000c8fc  __mspabi_srll_8            
0000c8f6  __mspabi_srll_9            
0000c864  _auto_init                 
0000cbfc  _c_int00_noargs_noexit     
0000fffe  _reset_vector              
000003b0  _stack                     
0000cd30  _system_post_cinit         
0000cd2c  _system_pre_init           
0000cd1a  abort                      
00000208  b_place                    
0000ccee  button_init                
0000cd20  button_interrupt_clear     
0000ccf8  button_interrupt_enable    
0000ccce  button_interrupt_set       
0000c988  calculate_time             
0000c92e  copy_in                    
0000020a  count                      
0000020c  f1                         
0000020e  f2                         
0000cd02  led_init                   
00000210  led_on                     
00000212  led_sel                    
0000cc58  led_set                    
0000caa0  main                       
0000ccbc  memcpy                     
00000214  n                          
0000cd26  show_time                  
0000cade  timer_ACLK_VLO             
0000cb1c  timer_ACLK_VLO_trigger_mode
0000cc80  timer_clear                
0000cc94  timer_interrupt_clear      
0000cc16  timer_interrupt_enable     
0000cca8  timer_stop                 
00000216  total_clock                
00000200  total_time                 


GLOBAL SYMBOLS: SORTED BY Symbol Address 

address   name                       
-------   ----                       
00000000  IE1                        
00000001  IE2                        
00000002  IFG1                       
00000003  IFG2                       
00000010  P3REN                      
00000018  P3IN                       
00000019  P3OUT                      
0000001a  P3DIR                      
0000001b  P3SEL                      
00000020  P1IN                       
00000021  P1OUT                      
00000022  P1DIR                      
00000023  P1IFG                      
00000024  P1IES                      
00000025  P1IE                       
00000026  P1SEL                      
00000027  P1REN                      
00000028  P2IN                       
00000029  P2OUT                      
0000002a  P2DIR                      
0000002b  P2IFG                      
0000002c  P2IES                      
0000002d  P2IE                       
0000002e  P2SEL                      
0000002f  P2REN                      
00000041  P1SEL2                     
00000042  P2SEL2                     
00000043  P3SEL2                     
00000048  ADC10DTC0                  
00000049  ADC10DTC1                  
0000004a  ADC10AE0                   
00000050  __STACK_SIZE               
00000053  BCSCTL3                    
00000056  DCOCTL                     
00000057  BCSCTL1                    
00000058  BCSCTL2                    
00000059  CACTL1                     
0000005a  CACTL2                     
0000005b  CAPD                       
0000005d  UCA0ABCTL                  
0000005e  UCA0IRTCTL                 
0000005f  UCA0IRRCTL                 
00000060  UCA0CTL0                   
00000061  UCA0CTL1                   
00000062  UCA0BR0                    
00000063  UCA0BR1                    
00000064  UCA0MCTL                   
00000065  UCA0STAT                   
00000066  UCA0RXBUF                  
00000067  UCA0TXBUF                  
00000068  UCB0CTL0                   
00000069  UCB0CTL1                   
0000006a  UCB0BR0                    
0000006b  UCB0BR1                    
0000006c  UCB0I2CIE                  
0000006d  UCB0STAT                   
0000006e  UCB0RXBUF                  
0000006f  UCB0TXBUF                  
00000118  UCB0I2COA                  
0000011a  UCB0I2CSA                  
0000011e  TA1IV                      
00000120  WDTCTL                     
00000128  FCTL1                      
0000012a  FCTL2                      
0000012c  FCTL3                      
0000012e  TA0IV                      
00000160  TA0CTL                     
00000162  TA0CCTL0                   
00000164  TA0CCTL1                   
00000166  TA0CCTL2                   
00000170  TA0R                       
00000172  TA0CCR0                    
00000174  TA0CCR1                    
00000176  TA0CCR2                    
00000180  TA1CTL                     
00000182  TA1CCTL0                   
00000184  TA1CCTL1                   
00000186  TA1CCTL2                   
00000190  TA1R                       
00000192  TA1CCR0                    
00000194  TA1CCR1                    
00000196  TA1CCR2                    
000001b0  ADC10CTL0                  
000001b2  ADC10CTL1                  
000001b4  ADC10MEM                   
000001bc  ADC10SA                    
00000200  total_time                 
00000208  b_place                    
0000020a  count                      
0000020c  f1                         
0000020e  f2                         
00000210  led_on                     
00000212  led_sel                    
00000214  n                          
00000216  total_clock                
000003b0  _stack                     
00000400  __STACK_END                
000010c0  TLV_CHECKSUM               
000010da  TLV_ADC10_1_TAG            
000010db  TLV_ADC10_1_LEN            
000010f6  TLV_DCO_30_TAG             
000010f7  TLV_DCO_30_LEN             
000010f8  CALDCO_16MHZ               
000010f9  CALBC1_16MHZ               
000010fa  CALDCO_12MHZ               
000010fb  CALBC1_12MHZ               
000010fc  CALDCO_8MHZ                
000010fd  CALBC1_8MHZ                
000010fe  CALDCO_1MHZ                
000010ff  CALBC1_1MHZ                
0000c000  __TI_frcdivd               
0000c48e  __mspabi_divd              
0000c6c6  Port_1                     
0000c75a  __mspabi_fltuld            
0000c7e4  TA0_ISR                    
0000c864  _auto_init                 
0000c8d2  __mspabi_srll_15           
0000c8d8  __mspabi_srll_14           
0000c8de  __mspabi_srll_13           
0000c8e4  __mspabi_srll_12           
0000c8ea  __mspabi_srll_11           
0000c8f0  __mspabi_srll_10           
0000c8f6  __mspabi_srll_9            
0000c8fc  __mspabi_srll_8            
0000c902  __mspabi_srll_7            
0000c908  __mspabi_srll_6            
0000c90e  __mspabi_srll_5            
0000c914  __mspabi_srll_4            
0000c91a  __mspabi_srll_3            
0000c920  __mspabi_srll_2            
0000c926  __mspabi_srll_1            
0000c92e  copy_in                    
0000c988  calculate_time             
0000c9d8  __mspabi_srli              
0000c9e6  __mspabi_srli_15           
0000c9ea  __mspabi_srli_14           
0000c9ee  __mspabi_srli_13           
0000c9f2  __mspabi_srli_12           
0000c9f6  __mspabi_srli_11           
0000c9fa  __mspabi_srli_10           
0000c9fe  __mspabi_srli_9            
0000ca02  __mspabi_srli_8            
0000ca06  __mspabi_srli_7            
0000ca0a  __mspabi_srli_6            
0000ca0e  __mspabi_srli_5            
0000ca12  __mspabi_srli_4            
0000ca16  __mspabi_srli_3            
0000ca1a  __mspabi_srli_2            
0000ca1e  __mspabi_srli_1            
0000ca24  __mspabi_sral_15           
0000ca28  __mspabi_sral_14           
0000ca2c  __mspabi_sral_13           
0000ca30  __mspabi_sral_12           
0000ca34  __mspabi_sral_11           
0000ca38  __mspabi_sral_10           
0000ca3c  __mspabi_sral_9            
0000ca40  __mspabi_sral_8            
0000ca44  __mspabi_sral_7            
0000ca48  __mspabi_sral_6            
0000ca4c  __mspabi_sral_5            
0000ca50  __mspabi_sral_4            
0000ca54  __mspabi_sral_3            
0000ca58  __mspabi_sral_2            
0000ca5c  __mspabi_sral_1            
0000ca62  __mspabi_slll_15           
0000ca66  __mspabi_slll_14           
0000ca6a  __mspabi_slll_13           
0000ca6e  __mspabi_slll_12           
0000ca72  __mspabi_slll_11           
0000ca76  __mspabi_slll_10           
0000ca7a  __mspabi_slll_9            
0000ca7e  __mspabi_slll_8            
0000ca82  __mspabi_slll_7            
0000ca86  __mspabi_slll_6            
0000ca8a  __mspabi_slll_5            
0000ca8e  __mspabi_slll_4            
0000ca92  __mspabi_slll_3            
0000ca96  __mspabi_slll_2            
0000ca9a  __mspabi_slll_1            
0000caa0  main                       
0000cade  timer_ACLK_VLO             
0000cb1c  timer_ACLK_VLO_trigger_mode
0000cb52  __mspabi_srai              
0000cb5e  __mspabi_srai_15           
0000cb60  __mspabi_srai_14           
0000cb62  __mspabi_srai_13           
0000cb64  __mspabi_srai_12           
0000cb66  __mspabi_srai_11           
0000cb68  __mspabi_srai_10           
0000cb6a  __mspabi_srai_9            
0000cb6c  __mspabi_srai_8            
0000cb6e  __mspabi_srai_7            
0000cb70  __mspabi_srai_6            
0000cb72  __mspabi_srai_5            
0000cb74  __mspabi_srai_4            
0000cb76  __mspabi_srai_3            
0000cb78  __mspabi_srai_2            
0000cb7a  __mspabi_srai_1            
0000cb7e  __mspabi_divi              
0000cb7e  __mspabi_remi              
0000cbaa  __mspabi_slli              
0000cbb6  __mspabi_slli_15           
0000cbb8  __mspabi_slli_14           
0000cbba  __mspabi_slli_13           
0000cbbc  __mspabi_slli_12           
0000cbbe  __mspabi_slli_11           
0000cbc0  __mspabi_slli_10           
0000cbc2  __mspabi_slli_9            
0000cbc4  __mspabi_slli_8            
0000cbc6  __mspabi_slli_7            
0000cbc8  __mspabi_slli_6            
0000cbca  __mspabi_slli_5            
0000cbcc  __mspabi_slli_4            
0000cbce  __mspabi_slli_3            
0000cbd0  __mspabi_slli_2            
0000cbd2  __mspabi_slli_1            
0000cbd6  __mspabi_mpyl              
0000cbd6  __mspabi_mpyl_sw           
0000cbfc  _c_int00_noargs_noexit     
0000cc16  timer_interrupt_enable     
0000cc2e  __mspabi_divu              
0000cc2e  __mspabi_remu              
0000cc44  __TI_zero_init             
0000cc58  led_set                    
0000cc6c  __mspabi_mpyi              
0000cc6c  __mspabi_mpyi_sw           
0000cc80  timer_clear                
0000cc94  timer_interrupt_clear      
0000cca8  timer_stop                 
0000ccbc  memcpy                     
0000ccce  button_interrupt_set       
0000ccde  __mspabi_func_epilog_7     
0000cce0  __mspabi_func_epilog_6     
0000cce2  __mspabi_func_epilog_5     
0000cce4  __mspabi_func_epilog_4     
0000cce6  __mspabi_func_epilog_3     
0000cce8  __mspabi_func_epilog_2     
0000ccea  __mspabi_func_epilog_1     
0000ccee  button_init                
0000ccf8  button_interrupt_enable    
0000cd02  led_init                   
0000cd0c  __TI_ISR_TRAP              
0000cd14  __mspabi_fltud             
0000cd1a  C$$EXIT                    
0000cd1a  abort                      
0000cd20  button_interrupt_clear     
0000cd26  show_time                  
0000cd2c  _system_pre_init           
0000cd30  _system_post_cinit         
0000cd36  __TI_Handler_Table_Base    
0000cd38  __TI_CINIT_Base            
0000cd38  __TI_Handler_Table_Limit   
0000cd3c  __TI_CINIT_Limit           
0000ffe0  __TI_int00                 
0000ffe4  __TI_int02                 
0000ffe6  __TI_int03                 
0000ffea  __TI_int05                 
0000ffec  __TI_int06                 
0000ffee  __TI_int07                 
0000fff0  __TI_int08                 
0000fff2  __TI_int09                 
0000fff4  __TI_int10                 
0000fff6  __TI_int11                 
0000fff8  __TI_int12                 
0000fffa  __TI_int13                 
0000fffc  __TI_int14                 
0000fffe  _reset_vector              
ffffffff  __TI_pprof_out_hndl        
ffffffff  __TI_prof_data_size        
ffffffff  __TI_prof_data_start       
ffffffff  __c_args__                 
UNDEFED   __TI_BINIT_Base            
UNDEFED   __TI_BINIT_Limit           
UNDEFED   __TI_INITARRAY_Base        
UNDEFED   __TI_INITARRAY_Limit       

[275 symbols]
